<?xml version="1.0" encoding="UTF-8"?>
<testsuites name="jest tests" tests="16" failures="0" errors="0" time="1.231">
  <testsuite name="Health Endpoints" errors="0" failures="0" skipped="0" timestamp="2026-06-15T08:31:38" time="0.691" tests="5">
    <testcase classname="Health Endpoints GET /health returns healthy status with required fields" name="Health Endpoints GET /health returns healthy status with required fields" time="0.017">
    </testcase>
    <testcase classname="Health Endpoints GET /health/live returns alive for liveness probe" name="Health Endpoints GET /health/live returns alive for liveness probe" time="0.003">
    </testcase>
    <testcase classname="Health Endpoints GET /health/ready returns ready for readiness probe" name="Health Endpoints GET /health/ready returns ready for readiness probe" time="0.003">
    </testcase>
    <testcase classname="Health Endpoints GET /metrics returns Prometheus metrics in text format" name="Health Endpoints GET /metrics returns Prometheus metrics in text format" time="0.008">
    </testcase>
    <testcase classname="Health Endpoints Unknown routes returns 404 for undefined paths" name="Health Endpoints Unknown routes returns 404 for undefined paths" time="0.007">
    </testcase>
  </testsuite>
  <testsuite name="API — Items" errors="0" failures="0" skipped="0" timestamp="2026-06-15T08:31:38" time="0.745" tests="11">
    <testcase classname="API — Items GET /api/items returns paginated item list" name="API — Items GET /api/items returns paginated item list" time="0.023">
    </testcase>
    <testcase classname="API — Items GET /api/items supports pagination parameters" name="API — Items GET /api/items supports pagination parameters" time="0.004">
    </testcase>
    <testcase classname="API — Items GET /api/items/:id returns a specific item by ID" name="API — Items GET /api/items/:id returns a specific item by ID" time="0.003">
    </testcase>
    <testcase classname="API — Items GET /api/items/:id returns 404 for non-existent item" name="API — Items GET /api/items/:id returns 404 for non-existent item" time="0.008">
    </testcase>
    <testcase classname="API — Items GET /api/items/:id returns 400 for non-numeric ID" name="API — Items GET /api/items/:id returns 400 for non-numeric ID" time="0.004">
    </testcase>
    <testcase classname="API — Items GET /api/items/:id returns 400 for zero or negative ID" name="API — Items GET /api/items/:id returns 400 for zero or negative ID" time="0.007">
    </testcase>
    <testcase classname="API — Items GET /api/items/search filters items by category query param" name="API — Items GET /api/items/search filters items by category query param" time="0.003">
    </testcase>
    <testcase classname="API — Items GET /api/items/search returns 400 when category query param is missing" name="API — Items GET /api/items/search returns 400 when category query param is missing" time="0.002">
    </testcase>
    <testcase classname="API — Items POST /api/items creates a new item with valid payload" name="API — Items POST /api/items creates a new item with valid payload" time="0.012">
    </testcase>
    <testcase classname="API — Items POST /api/items returns 400 when name is missing" name="API — Items POST /api/items returns 400 when name is missing" time="0.004">
    </testcase>
    <testcase classname="API — Items POST /api/items returns 400 for empty name string" name="API — Items POST /api/items returns 400 for empty name string" time="0.002">
    </testcase>
  </testsuite>
</testsuites>